// Jest Snapshot v1, https://goo.gl/fbAQLP

exports[`getResources should throw an error if find and select resolve to falsy value 1`] = `undefined`;
