// Jest Snapshot v1, https://goo.gl/fbAQLP

exports[`Resolvers Queries getPodcast should return a 404 not found error 1`] = `
Array [
  [GraphQLError: Podcast Was Not Found],
]
`;
