// Jest Snapshot v1, https://goo.gl/fbAQLP

exports[`Resolvers Queries getEpisode should throw an error when episode is not found 1`] = `
Array [
  [ValidationError: Cannot query field "getEpisode" on type "Mutation".],
]
`;
