// Jest Snapshot v1, https://goo.gl/fbAQLP

exports[`Resolvers Mutations fail to create a episode due to authorization error 1`] = `
Array [
  [GraphQLError: Cannot read properties of undefined (reading 'authorization')],
]
`;

exports[`Resolvers Mutations fail to create a episode due to validation errors 1`] = `
Array [
  [UserInputError: Variable "$title" of required type "String!" was not provided.],
  [UserInputError: Variable "$description" of required type "String!" was not provided.],
  [UserInputError: Variable "$audioFile" of required type "Upload!" was not provided.],
  [UserInputError: Variable "$podcastId" of required type "ID!" was not provided.],
]
`;
